

  docbookToJson
    Ô£ö parses a simple article with sections, footnotes and bibliography

  idChecks
    Ô£ö ensureUniqueIds does not throw for unique ids
    Ô£ö ensureUniqueIds throws for duplicate ids
    Ô£ö verifyReferencesExist passes when references are present
    Ô£ö verifyReferencesExist throws when reference missing

  jsonToDocbook
    1) generates basic article XML with title, section, footnote, bibliography

  DocBook RNG Validation
    2) should validate jsonToDocbook.output.xml against DocBook RNG
    3) should validate basic-markdown.xml against DocBook RNG

  DocBook XML Sample Validation
{
  "article": {
    "$": {
      "xmlns": "http://docbook.org/ns/docbook",
      "version": "5.0"
    },
    "title": "Sample DocBook XML Test Document",
    "section": [
      {
        "title": "Introduction",
        "para": [
          {
            "_": "This is a  paragraph to test text and emphasis elements.",
            "emphasis": {
              "_": "sample",
              "$": {
                "role": "bold"
              }
            },
            "footnote": "This is a footnote example to test footnote elements."
          },
          "Here is a list of items demonstrating list handling:"
        ],
        "itemizedlist": {
          "listitem": [
            {
              "para": "First item"
            },
            {
              "para": {
                "_": "Second item with  text",
                "emphasis": {
                  "_": "italic",
                  "$": {
                    "role": "italic"
                  }
                }
              }
            }
          ]
        }
      },
      {
        "title": "Tables and Citations",
        "para": [
          "The following table shows example data:",
          {
            "_": "As noted in , tables are important for data presentation.",
            "citation": {
              "citerefentry": {
                "refentrytitle": "Reference Doc"
              }
            }
          }
        ],
        "table": {
          "title": "Sample Table",
          "tgroup": {
            "$": {
              "cols": "2"
            },
            "thead": {
              "row": {
                "entry": [
                  "Header 1",
                  "Header 2"
                ]
              }
            },
            "tbody": {
              "row": [
                {
                  "entry": [
                    "Cell 1",
                    "Cell 2"
                  ]
                },
                {
                  "entry": [
                    "Cell 3",
                    "Cell 4"
                  ]
                }
              ]
            }
          }
        }
      },
      {
        "title": "Media Objects",
        "mediaobject": {
          "imageobject": {
            "imagedata": {
              "$": {
                "fileref": "example.png",
                "format": "PNG"
              }
            }
          },
          "caption": {
            "para": "Example Image"
          }
        }
      }
    ]
  }
}
    Ô£ö should parse XML without errors
    Ô£ö should validate the parsed JSON against the schema
    Ô£ö should contain expected top-level DocBook elements


  8 passing (733ms)
  3 failing

  1) jsonToDocbook
       generates basic article XML with title, section, footnote, bibliography:

      AssertionError: expected '<article>\n  <title>My Title</title>\ÔÇª' to equal '<?xml version="1.0"?><set><article><tÔÇª'
      + expected - actual

      -<article>
      -  <title>My Title</title>
      -  <section>
      -    <title>Sec 1</title>
      -    <para>Hello world</para>
      -  </section>
      -  <footnote id="f1">
      -    <para>Footnote text</para>
      -  </footnote>
      -  <bibliography>
      -    <bibliomixed id="b1">
      -      <title>Book</title>
      -      <author>
      -        <personname>
      -          <firstname>John</firstname>
      -          <surname>Doe</surname>
      -        </personname>
      -      </author>
      -      <date>2020</date>
      -      <publisher>
      -        <publishername>Pub</publishername>
      -      </publisher>
      -    </bibliomixed>
      -  </bibliography>
      -</article>
      +<?xml version="1.0"?><set><article><title>My Title</title><section><title>Sec 1</title><para>Hello world</para></section><section><title>Bibliography</title><bibliography><bibliomixed id="b1"><title>Book</title><author><personname><firstname>John</firstname><surname>Doe</surname></personname></author><date>2020</date><publisher><publishername>Pub</publishername></publisher></bibliomixed></bibliography></section></article></set>
      
      at Context.<anonymous> (tests\jsonToDocbook.test.js:14:12)
      at process.processImmediate (node:internal/timers:504:21)

  2) DocBook RNG Validation
       should validate jsonToDocbook.output.xml against DocBook RNG:

      AssertionError: Validation failed: D:\dev\JSONMD-DocBook\tests\outputs\jsonToDocbook.output.xml:1:27: error: element "set" not allowed here; expected element "abstract", "acknowledgements", "address", "annotation", "appendix", "article", "audiodata", "audioobject", "bibliodiv", "bibliography", "bibliolist", "blockquote", "book", "calloutlist", "caption", "caution", "chapter", "classsynopsis", "classsynopsisinfo", "cmdsynopsis", "colophon", "constraintdef", "constructorsynopsis", "dedication", "destructorsynopsis", "epigraph", "equation", "example", "fieldsynopsis", "figure", "formalpara", "funcsynopsis", "funcsynopsisinfo", "glossary", "glossdiv", "glosslist", "imagedata", "imageobject", "imageobjectco", "important", "index", "indexdiv", "informalequation", "informalexample", "informalfigure", "informaltable", "inlinemediaobject", "itemizedlist", "legalnotice", "literallayout", "mediaobject", "methodsynopsis", "msg", "msgexplan", "msgmain", "msgrel", "msgset", "msgsub", "note", "orderedlist", "para", "part", "partintro", "personblurb", "preface", "procedure", "productionset", "programlisting", "programlistingco", "qandadiv", "qandaentry", "qandaset", "refentry", "reference", "refsect1", "refsect2", "refsect3", "refsection", "refsynopsisdiv", "revhistory", "screen", "screenco", "screenshot", "sect1", "sect2", "sect3", "sect4", "sect5", "section", "segmentedlist", "set", "setindex", "sidebar", "simpara", "simplelist", "simplesect", "step", "stepalternatives", "synopsis", "table", "task", "taskprerequisites", "taskrelated", "tasksummary", "textdata", "textobject", "tip", "toc", "tocdiv", "topic", "variablelist", "videodata", "videoobject" or "warning" (with xmlns="http://docbook.org/ns/docbook"): expected false to be true
      + expected - actual

      -false
      +true
      
      at Context.<anonymous> (tests\rng-validation.test.js:83:12)
      at process.processImmediate (node:internal/timers:504:21)

  3) DocBook RNG Validation
       should validate basic-markdown.xml against DocBook RNG:

      AssertionError: Validation failed: D:\dev\JSONMD-DocBook\tests\outputs\basic-markdown.xml:2:49: error: element "set" not allowed here; expected element "abstract", "acknowledgements", "address", "annotation", "appendix", "article", "audiodata", "audioobject", "bibliodiv", "bibliography", "bibliolist", "blockquote", "book", "calloutlist", "caption", "caution", "chapter", "classsynopsis", "classsynopsisinfo", "cmdsynopsis", "colophon", "constraintdef", "constructorsynopsis", "dedication", "destructorsynopsis", "epigraph", "equation", "example", "fieldsynopsis", "figure", "formalpara", "funcsynopsis", "funcsynopsisinfo", "glossary", "glossdiv", "glosslist", "imagedata", "imageobject", "imageobjectco", "important", "index", "indexdiv", "informalequation", "informalexample", "informalfigure", "informaltable", "inlinemediaobject", "itemizedlist", "legalnotice", "literallayout", "mediaobject", "methodsynopsis", "msg", "msgexplan", "msgmain", "msgrel", "msgset", "msgsub", "note", "orderedlist", "para", "part", "partintro", "personblurb", "preface", "procedure", "productionset", "programlisting", "programlistingco", "qandadiv", "qandaentry", "qandaset", "refentry", "reference", "refsect1", "refsect2", "refsect3", "refsection", "refsynopsisdiv", "revhistory", "screen", "screenco", "screenshot", "sect1", "sect2", "sect3", "sect4", "sect5", "section", "segmentedlist", "set", "setindex", "sidebar", "simpara", "simplelist", "simplesect", "step", "stepalternatives", "synopsis", "table", "task", "taskprerequisites", "taskrelated", "tasksummary", "textdata", "textobject", "tip", "toc", "tocdiv", "topic", "variablelist", "videodata", "videoobject" or "warning" (with xmlns="http://docbook.org/ns/docbook"): expected false to be true
      + expected - actual

      -false
      +true
      
      at Context.<anonymous> (tests\rng-validation.test.js:95:12)
      at process.processImmediate (node:internal/timers:504:21)



